// Jest Snapshot v1, https://goo.gl/fbAQLP

exports[`collection item compoenent test should render collectionItem component 1`] = `ShallowWrapper {}`;
