// Jest Snapshot v1, https://goo.gl/fbAQLP

exports[`CheckoutItem component test should render checkoutItem component 1`] = `ShallowWrapper {}`;
