// Jest Snapshot v1, https://goo.gl/fbAQLP

exports[`CollectionsOverview test should render CollectionsOverview component 1`] = `ShallowWrapper {}`;
