// Jest Snapshot v1, https://goo.gl/fbAQLP

exports[`FormInput component test should render FormInput component 1`] = `ShallowWrapper {}`;
