// Jest Snapshot v1, https://goo.gl/fbAQLP

exports[`Collection Preview component test should render CollectionPreview component 1`] = `ShallowWrapper {}`;
