// Jest Snapshot v1, https://goo.gl/fbAQLP

exports[`CartDropdown Component test should render CartDropdown component 1`] = `ShallowWrapper {}`;
