// Jest Snapshot v1, https://goo.gl/fbAQLP

exports[`CartItem component test should render cartItem component 1`] = `ShallowWrapper {}`;
